node.exe : PASS tests/Game.test.js
At C:\Program Files\nodejs\npx.ps1:29 char:3
+   & $NODE_EXE $NPX_CLI_JS $args
+   ~~~~~~~~~~~~~~~~~~~~~~~~~~~~~
    + CategoryInfo          : NotSpecified: (PASS tests/Game.test.js:String) [], RemoteException
    + FullyQualifiedErrorId : NativeCommandError
 
PASS tests/Integration.test.js
  тЧП Console

    console.log
      Boards created.

      at Game.log [as initialize] (src/game/Game.js:103:13)

    console.log
      3 ships placed randomly for Player.

      at Game.log [as placeShipsRandomly] (src/game/Game.js:134:15)

    console.log
      3 ships placed randomly for CPU.

      at Game.log [as placeShipsRandomly] (src/game/Game.js:148:15)

    console.log
      
      Let's play Sea Battle!

      at Game.log [as initialize] (src/game/Game.js:105:13)

    console.log
      Try to sink the 3 enemy ships.

      at Game.log [as initialize] (src/game/Game.js:106:13)

    console.log
      Boards created.

      at Game.log [as initialize] (src/game/Game.js:103:13)

    console.log
      3 ships placed randomly for Player.

      at Game.log [as placeShipsRandomly] (src/game/Game.js:134:15)

    console.log
      3 ships placed randomly for CPU.

      at Game.log [as placeShipsRandomly] (src/game/Game.js:148:15)

    console.log
      
      Let's play Sea Battle!

      at Game.log [as initialize] (src/game/Game.js:105:13)

    console.log
      Try to sink the 3 enemy ships.

      at Game.log [as initialize] (src/game/Game.js:106:13)

    console.log
      PLAYER HIT!

      at PlayerMoveCommand.log [as execute] (src/commands/Commands.js:86:15)

    console.log
      Initializing game...

      at InitializationState.log [as handle] (src/states/GameStates.js:144:15)

    console.log
      
      Let's play Sea Battle!

      at InitializationState.log [as handle] (src/states/GameStates.js:160:15)

    console.log
      Try to sink the 3 enemy ships.

      at InitializationState.log [as handle] (src/states/GameStates.js:161:15)

    console.log
      State transition: Initialization -> PlayerTurn

      at GameStateMachine.log [as setState] (src/states/GameStates.js:328:15)

    console.log
      Boards created.

      at Game.log [as initialize] (src/game/Game.js:103:13)

    console.log
      3 ships placed randomly for Player.

      at Game.log [as placeShipsRandomly] (src/game/Game.js:134:15)

    console.log
      3 ships placed randomly for CPU.

      at Game.log [as placeShipsRandomly] (src/game/Game.js:148:15)

    console.log
      
      Let's play Sea Battle!

      at Game.log [as initialize] (src/game/Game.js:105:13)

    console.log
      Try to sink the 3 enemy ships.

      at Game.log [as initialize] (src/game/Game.js:106:13)

    console.log
      Boards created.

      at Game.log [as initialize] (src/game/Game.js:103:13)

    console.log
      3 ships placed randomly for Player.

      at Game.log [as placeShipsRandomly] (src/game/Game.js:134:15)

    console.log
      3 ships placed randomly for CPU.

      at Game.log [as placeShipsRandomly] (src/game/Game.js:148:15)

    console.log
      
      Let's play Sea Battle!

      at Game.log [as initialize] (src/game/Game.js:105:13)

    console.log
      Try to sink the 3 enemy ships.

      at Game.log [as initialize] (src/game/Game.js:106:13)

    console.log
      Boards created.

      at Game.log [as initialize] (src/game/Game.js:103:13)

    console.log
      3 ships placed randomly for Player.

      at Game.log [as placeShipsRandomly] (src/game/Game.js:134:15)

    console.log
      3 ships placed randomly for CPU.

      at Game.log [as placeShipsRandomly] (src/game/Game.js:148:15)

    console.log
      
      Let's play Sea Battle!

      at Game.log [as initialize] (src/game/Game.js:105:13)

    console.log
      Try to sink the 3 enemy ships.

      at Game.log [as initialize] (src/game/Game.js:106:13)

    console.log
      Boards created.

      at Game.log [as initialize] (src/game/Game.js:103:13)

    console.log
      3 ships placed randomly for Player.

      at Game.log [as placeShipsRandomly] (src/game/Game.js:134:15)

    console.log
      3 ships placed randomly for CPU.

      at Game.log [as placeShipsRandomly] (src/game/Game.js:148:15)

    console.log
      
      Let's play Sea Battle!

      at Game.log [as initialize] (src/game/Game.js:105:13)

    console.log
      Try to sink the 3 enemy ships.

      at Game.log [as initialize] (src/game/Game.js:106:13)

PASS tests/ExtendedCommands.test.js
PASS tests/ValidationStrategy.test.js
PASS tests/GameStates.test.js
  тЧП Console

    console.log
      Initializing game...

      at InitializationState.log [as handle] (src/states/GameStates.js:144:15)

    console.log
      
      Let's play Sea Battle!

      at InitializationState.log [as handle] (src/states/GameStates.js:160:15)

    console.log
      Try to sink the 3 enemy ships.

      at InitializationState.log [as handle] (src/states/GameStates.js:161:15)

    console.log
      Congratulations! You won!

      at GameOverState.log [as handle] (src/states/GameStates.js:101:15)

    console.log
      CPU wins! Better luck next time.

      at GameOverState.log [as handle] (src/states/GameStates.js:104:15)

    console.log
      State transition: Initialization -> PlayerTurn

      at GameStateMachine.log [as setState] (src/states/GameStates.js:328:15)

    console.log
      State transition: Initialization -> PlayerTurn

      at GameStateMachine.log [as setState] (src/states/GameStates.js:328:15)

    console.log
      State transition: PlayerTurn -> CPUTurn

      at GameStateMachine.log [as setState] (src/states/GameStates.js:328:15)

    console.log
      State transition: CPUTurn -> GameOver

      at GameStateMachine.log [as setState] (src/states/GameStates.js:328:15)

    console.log
      Initializing game...

      at InitializationState.log [as handle] (src/states/GameStates.js:144:15)

    console.log
      
      Let's play Sea Battle!

      at InitializationState.log [as handle] (src/states/GameStates.js:160:15)

    console.log
      Try to sink the 1 enemy ships.

      at InitializationState.log [as handle] (src/states/GameStates.js:161:15)

    console.log
      State transition: Initialization -> PlayerTurn

      at GameStateMachine.log [as setState] (src/states/GameStates.js:328:15)

    console.log
      State transition: PlayerTurn -> CPUTurn

      at GameStateMachine.log [as setState] (src/states/GameStates.js:328:15)

    console.log
      State transition: CPUTurn -> PlayerTurn

      at GameStateMachine.log [as setState] (src/states/GameStates.js:328:15)

    console.log
      State transition: Initialization -> PlayerTurn

      at GameStateMachine.log [as setState] (src/states/GameStates.js:328:15)

    console.log
      State transition: PlayerTurn -> GameOver

      at GameStateMachine.log [as setState] (src/states/GameStates.js:328:15)

PASS tests/AIStrategies.test.js
PASS tests/AIStrategy.test.js
PASS tests/Observers.test.js
PASS tests/ShipFactory.test.js
PASS tests/GameBoard.test.js
PASS tests/index.test.js
PASS tests/Commands.test.js
PASS tests/Ship.test.js
PASS tests/GameObservers.test.js
PASS tests/GameConfig.test.js

=============================== Coverage summary ===============================
Statements   : 84.55% ( 750/887 )
Branches     : 66.57% ( 253/380 )
Functions    : 87.12% ( 203/233 )
Lines        : 85.02% ( 721/848 )
================================================================================

Test Suites: 15 passed, 15 total
Tests:       240 passed, 240 total
Snapshots:   0 total
Time:        1.412 s
Ran all test suites.
